0 verbose cli D:\Node.js\node.exe D:\Node.js\node_modules\npm\bin\npm-cli.js
1 info using npm@11.6.2
2 info using node@v24.12.0
3 silly config load:file:D:\Node.js\node_modules\npm\npmrc
4 silly config load:file:D:\Vue\ExerciseProject\localNote\.npmrc
5 silly config load:file:C:\Users\26534\.npmrc
6 silly config load:file:D:\Node.js\node_global\etc\npmrc
7 verbose title npm install
8 verbose argv "install" "--cache" ".npm-cache" "--no-audit" "--no-fund"
9 verbose logfile logs-max:10 dir:D:\Vue\ExerciseProject\localNote\.npm-cache\_logs\2026-07-28T10_09_49_195Z-
10 verbose logfile D:\Vue\ExerciseProject\localNote\.npm-cache\_logs\2026-07-28T10_09_49_195Z-debug-0.log
11 silly logfile done cleaning log files
12 silly packumentCache heap:4496293888 maxSize:1124073472 maxEntrySize:562036736
13 verbose shrinkwrap failed to load node_modules/.package-lock.json out of date, updated: node_modules
14 silly idealTree buildDeps
15 silly fetch manifest @element-plus/icons-vue@^2.3.2
16 silly packumentCache full:http://mirrors.cloud.tencent.com/npm/@element-plus%2ficons-vue cache-miss
17 http fetch GET 200 https://mirrors.cloud.tencent.com/npm/@element-plus%2ficons-vue 584ms (cache miss)
18 silly packumentCache full:http://mirrors.cloud.tencent.com/npm/@element-plus%2ficons-vue set size:undefined disposed:false
19 silly fetch manifest vue@^3.5.0
20 silly packumentCache full:http://mirrors.cloud.tencent.com/npm/vue cache-miss
21 http fetch GET 200 https://mirrors.cloud.tencent.com/npm/vue 384ms (cache revalidated)
22 silly packumentCache full:http://mirrors.cloud.tencent.com/npm/vue set size:1249159 disposed:false
23 silly fetch manifest typescript@*
24 silly packumentCache full:http://mirrors.cloud.tencent.com/npm/typescript cache-miss
25 http fetch GET 200 https://mirrors.cloud.tencent.com/npm/typescript 673ms (cache updated)
26 silly packumentCache full:http://mirrors.cloud.tencent.com/npm/typescript set size:undefined disposed:false
27 silly fetch manifest @tiptap/extension-color@^3.0.0
28 silly packumentCache full:http://mirrors.cloud.tencent.com/npm/@tiptap%2fextension-color cache-miss
29 http fetch GET 200 https://mirrors.cloud.tencent.com/npm/@tiptap%2fextension-color 889ms (cache miss)
30 silly packumentCache full:http://mirrors.cloud.tencent.com/npm/@tiptap%2fextension-color set size:undefined disposed:false
31 silly fetch manifest @tiptap/extension-text-style@^3.0.0
32 silly packumentCache full:http://mirrors.cloud.tencent.com/npm/@tiptap%2fextension-text-style cache-miss
33 http fetch GET 200 https://mirrors.cloud.tencent.com/npm/@tiptap%2fextension-text-style 791ms (cache miss)
34 silly packumentCache full:http://mirrors.cloud.tencent.com/npm/@tiptap%2fextension-text-style set size:undefined disposed:false
35 silly fetch manifest @tiptap/core@3.29.1
36 silly packumentCache full:http://mirrors.cloud.tencent.com/npm/@tiptap%2fcore cache-miss
37 http fetch GET 200 https://mirrors.cloud.tencent.com/npm/@tiptap%2fcore 378ms (cache updated)
38 silly packumentCache full:http://mirrors.cloud.tencent.com/npm/@tiptap%2fcore set size:undefined disposed:false
39 silly fetch manifest @tiptap/pm@3.29.1
40 silly packumentCache full:http://mirrors.cloud.tencent.com/npm/@tiptap%2fpm cache-miss
41 http fetch GET 200 https://mirrors.cloud.tencent.com/npm/@tiptap%2fpm 754ms (cache updated)
42 silly packumentCache full:http://mirrors.cloud.tencent.com/npm/@tiptap%2fpm set size:undefined disposed:false
43 silly fetch manifest @tiptap/extension-text-align@^3.0.0
44 silly packumentCache full:http://mirrors.cloud.tencent.com/npm/@tiptap%2fextension-text-align cache-miss
45 http fetch GET 200 https://mirrors.cloud.tencent.com/npm/@tiptap%2fextension-text-align 656ms (cache miss)
46 silly packumentCache full:http://mirrors.cloud.tencent.com/npm/@tiptap%2fextension-text-align set size:undefined disposed:false
47 silly fetch manifest element-plus@^2.10.0
48 silly packumentCache full:http://mirrors.cloud.tencent.com/npm/element-plus cache-miss
49 http fetch GET 200 https://mirrors.cloud.tencent.com/npm/element-plus 707ms (cache miss)
50 silly packumentCache full:http://mirrors.cloud.tencent.com/npm/element-plus set size:undefined disposed:false
51 silly fetch manifest cross-env@^7.0.3
52 silly packumentCache full:http://mirrors.cloud.tencent.com/npm/cross-env cache-miss
53 http fetch GET 200 https://mirrors.cloud.tencent.com/npm/cross-env 389ms (cache miss)
54 silly packumentCache full:http://mirrors.cloud.tencent.com/npm/cross-env set size:undefined disposed:false
55 silly placeDep ROOT @element-plus/icons-vue@2.3.2 OK for: localnote@0.1.0 want: ^2.3.2
56 silly placeDep ROOT @tiptap/extension-color@3.29.1 OK for: localnote@0.1.0 want: ^3.0.0
57 silly placeDep ROOT @tiptap/extension-text-style@3.29.1 OK for: @tiptap/extension-color@3.29.1 want: 3.29.1
58 silly placeDep ROOT @tiptap/extension-text-align@3.29.1 OK for: localnote@0.1.0 want: ^3.0.0
59 silly placeDep ROOT cross-env@7.0.3 OK for: localnote@0.1.0 want: ^7.0.3
60 silly placeDep ROOT element-plus@2.14.3 OK for: localnote@0.1.0 want: ^2.10.0
61 silly fetch manifest cross-spawn@^7.0.1
62 silly packumentCache full:http://mirrors.cloud.tencent.com/npm/cross-spawn cache-miss
63 silly fetch manifest @ctrl/tinycolor@^4.2.0
64 silly packumentCache full:http://mirrors.cloud.tencent.com/npm/@ctrl%2ftinycolor cache-miss
65 silly fetch manifest @popperjs/core@npm:@sxzz/popperjs-es@^2.11.8
66 silly packumentCache full:http://mirrors.cloud.tencent.com/npm/@sxzz%2fpopperjs-es cache-miss
67 silly fetch manifest @types/lodash@^4.17.24
68 silly packumentCache full:http://mirrors.cloud.tencent.com/npm/@types%2flodash cache-miss
69 silly fetch manifest @types/lodash-es@^4.17.12
70 silly packumentCache full:http://mirrors.cloud.tencent.com/npm/@types%2flodash-es cache-miss
71 silly fetch manifest @vueuse/core@14.3.0
72 silly packumentCache full:http://mirrors.cloud.tencent.com/npm/@vueuse%2fcore cache-miss
73 silly fetch manifest async-validator@^4.2.5
74 silly packumentCache full:http://mirrors.cloud.tencent.com/npm/async-validator cache-miss
75 silly fetch manifest dayjs@^1.11.20
76 silly packumentCache full:http://mirrors.cloud.tencent.com/npm/dayjs cache-miss
77 silly fetch manifest lodash-es@^4.18.1
78 silly packumentCache full:http://mirrors.cloud.tencent.com/npm/lodash-es cache-miss
79 silly fetch manifest lodash-unified@^1.0.3
80 silly packumentCache full:http://mirrors.cloud.tencent.com/npm/lodash-unified cache-miss
81 silly fetch manifest memoize-one@^6.0.0
82 silly packumentCache full:http://mirrors.cloud.tencent.com/npm/memoize-one cache-miss
83 silly fetch manifest normalize-wheel-es@^1.2.0
84 silly packumentCache full:http://mirrors.cloud.tencent.com/npm/normalize-wheel-es cache-miss
85 silly fetch manifest vue-component-type-helpers@^3.3.5
86 silly packumentCache full:http://mirrors.cloud.tencent.com/npm/vue-component-type-helpers cache-miss
87 http fetch GET 200 https://mirrors.cloud.tencent.com/npm/vue-component-type-helpers 384ms (cache miss)
88 silly packumentCache full:http://mirrors.cloud.tencent.com/npm/vue-component-type-helpers set size:undefined disposed:false
89 http fetch GET 200 https://mirrors.cloud.tencent.com/npm/normalize-wheel-es 401ms (cache miss)
90 silly packumentCache full:http://mirrors.cloud.tencent.com/npm/normalize-wheel-es set size:undefined disposed:false
91 http fetch GET 200 https://mirrors.cloud.tencent.com/npm/cross-spawn 417ms (cache miss)
92 silly packumentCache full:http://mirrors.cloud.tencent.com/npm/cross-spawn set size:undefined disposed:false
93 http fetch GET 200 https://mirrors.cloud.tencent.com/npm/@sxzz%2fpopperjs-es 419ms (cache miss)
94 silly packumentCache full:http://mirrors.cloud.tencent.com/npm/@sxzz%2fpopperjs-es set size:undefined disposed:false
95 http fetch GET 200 https://mirrors.cloud.tencent.com/npm/dayjs 456ms (cache miss)
96 silly packumentCache full:http://mirrors.cloud.tencent.com/npm/dayjs set size:undefined disposed:false
97 http fetch GET 200 https://mirrors.cloud.tencent.com/npm/@ctrl%2ftinycolor 472ms (cache miss)
98 silly packumentCache full:http://mirrors.cloud.tencent.com/npm/@ctrl%2ftinycolor set size:undefined disposed:false
99 http fetch GET 200 https://mirrors.cloud.tencent.com/npm/async-validator 493ms (cache miss)
100 silly packumentCache full:http://mirrors.cloud.tencent.com/npm/async-validator set size:undefined disposed:false
101 http fetch GET 200 https://mirrors.cloud.tencent.com/npm/memoize-one 528ms (cache miss)
102 silly packumentCache full:http://mirrors.cloud.tencent.com/npm/memoize-one set size:undefined disposed:false
103 http fetch GET 200 https://mirrors.cloud.tencent.com/npm/@vueuse%2fcore 544ms (cache miss)
104 silly packumentCache full:http://mirrors.cloud.tencent.com/npm/@vueuse%2fcore set size:undefined disposed:false
105 http fetch GET 200 https://mirrors.cloud.tencent.com/npm/@types%2flodash 553ms (cache miss)
106 silly packumentCache full:http://mirrors.cloud.tencent.com/npm/@types%2flodash set size:undefined disposed:false
107 http fetch GET 200 https://mirrors.cloud.tencent.com/npm/lodash-es 556ms (cache miss)
108 silly packumentCache full:http://mirrors.cloud.tencent.com/npm/lodash-es set size:undefined disposed:false
109 http fetch GET 200 https://mirrors.cloud.tencent.com/npm/@types%2flodash-es 627ms (cache miss)
110 silly packumentCache full:http://mirrors.cloud.tencent.com/npm/@types%2flodash-es set size:undefined disposed:false
111 http fetch GET 200 https://mirrors.cloud.tencent.com/npm/lodash-unified 638ms (cache miss)
112 silly packumentCache full:http://mirrors.cloud.tencent.com/npm/lodash-unified set size:undefined disposed:false
113 silly placeDep ROOT cross-spawn@7.0.6 OK for: cross-env@7.0.3 want: ^7.0.1
114 silly fetch manifest which@^2.0.1
115 silly packumentCache full:http://mirrors.cloud.tencent.com/npm/which cache-miss
116 silly fetch manifest path-key@^3.1.0
117 silly packumentCache full:http://mirrors.cloud.tencent.com/npm/path-key cache-miss
118 silly fetch manifest shebang-command@^2.0.0
119 silly packumentCache full:http://mirrors.cloud.tencent.com/npm/shebang-command cache-miss
120 http fetch GET 200 https://mirrors.cloud.tencent.com/npm/shebang-command 309ms (cache miss)
121 silly packumentCache full:http://mirrors.cloud.tencent.com/npm/shebang-command set size:undefined disposed:false
122 http fetch GET 200 https://mirrors.cloud.tencent.com/npm/which 368ms (cache miss)
123 silly packumentCache full:http://mirrors.cloud.tencent.com/npm/which set size:undefined disposed:false
124 http fetch GET 200 https://mirrors.cloud.tencent.com/npm/path-key 515ms (cache miss)
125 silly packumentCache full:http://mirrors.cloud.tencent.com/npm/path-key set size:undefined disposed:false
126 silly placeDep ROOT path-key@3.1.1 OK for: cross-spawn@7.0.6 want: ^3.1.0
127 silly placeDep ROOT shebang-command@2.0.0 OK for: cross-spawn@7.0.6 want: ^2.0.0
128 silly placeDep ROOT which@2.0.2 OK for: cross-spawn@7.0.6 want: ^2.0.1
129 silly fetch manifest shebang-regex@^3.0.0
130 silly packumentCache full:http://mirrors.cloud.tencent.com/npm/shebang-regex cache-miss
131 silly fetch manifest isexe@^2.0.0
132 silly packumentCache full:http://mirrors.cloud.tencent.com/npm/isexe cache-miss
133 http fetch GET 200 https://mirrors.cloud.tencent.com/npm/shebang-regex 266ms (cache miss)
134 silly packumentCache full:http://mirrors.cloud.tencent.com/npm/shebang-regex set size:undefined disposed:false
135 http fetch GET 200 https://mirrors.cloud.tencent.com/npm/isexe 354ms (cache miss)
136 silly packumentCache full:http://mirrors.cloud.tencent.com/npm/isexe set size:undefined disposed:false
137 silly fetch manifest vue@^3.3.7
138 silly packumentCache full:http://mirrors.cloud.tencent.com/npm/vue cache-miss
139 http cache https://mirrors.cloud.tencent.com/npm/vue 73ms (cache hit)
140 silly packumentCache full:http://mirrors.cloud.tencent.com/npm/vue set size:1249159 disposed:false
141 silly fetch manifest lodash@^4.18.1
142 silly packumentCache full:http://mirrors.cloud.tencent.com/npm/lodash cache-miss
143 http fetch GET 200 https://mirrors.cloud.tencent.com/npm/lodash 295ms (cache updated)
144 silly packumentCache full:http://mirrors.cloud.tencent.com/npm/lodash set size:undefined disposed:false
145 silly placeDep ROOT @ctrl/tinycolor@4.2.0 OK for: element-plus@2.14.3 want: ^4.2.0
146 silly placeDep ROOT @popperjs/core@2.11.8 OK for: element-plus@2.14.3 want: npm:@sxzz/popperjs-es@^2.11.8
147 silly placeDep ROOT @types/lodash@4.17.24 OK for: element-plus@2.14.3 want: ^4.17.24
148 silly placeDep ROOT @types/lodash-es@4.17.12 OK for: element-plus@2.14.3 want: ^4.17.12
149 silly placeDep ROOT @vueuse/core@14.3.0 OK for: element-plus@2.14.3 want: 14.3.0
150 silly placeDep ROOT async-validator@4.2.5 OK for: element-plus@2.14.3 want: ^4.2.5
151 silly placeDep ROOT dayjs@1.11.21 OK for: element-plus@2.14.3 want: ^1.11.20
152 silly placeDep ROOT lodash-es@4.18.1 OK for: element-plus@2.14.3 want: ^4.18.1
153 silly placeDep ROOT lodash-unified@1.0.3 OK for: element-plus@2.14.3 want: ^1.0.3
154 silly placeDep ROOT memoize-one@6.0.0 OK for: element-plus@2.14.3 want: ^6.0.0
155 silly placeDep ROOT normalize-wheel-es@1.2.0 OK for: element-plus@2.14.3 want: ^1.2.0
156 silly placeDep ROOT vue-component-type-helpers@3.3.8 OK for: element-plus@2.14.3 want: ^3.3.5
157 silly fetch manifest @types/web-bluetooth@^0.0.21
158 silly packumentCache full:http://mirrors.cloud.tencent.com/npm/@types%2fweb-bluetooth cache-miss
159 silly fetch manifest @vueuse/metadata@14.3.0
160 silly packumentCache full:http://mirrors.cloud.tencent.com/npm/@vueuse%2fmetadata cache-miss
161 silly fetch manifest @vueuse/shared@14.3.0
162 silly packumentCache full:http://mirrors.cloud.tencent.com/npm/@vueuse%2fshared cache-miss
163 http fetch GET 200 https://mirrors.cloud.tencent.com/npm/@vueuse%2fmetadata 291ms (cache miss)
164 silly packumentCache full:http://mirrors.cloud.tencent.com/npm/@vueuse%2fmetadata set size:undefined disposed:false
165 http fetch GET 200 https://mirrors.cloud.tencent.com/npm/@types%2fweb-bluetooth 344ms (cache miss)
166 silly packumentCache full:http://mirrors.cloud.tencent.com/npm/@types%2fweb-bluetooth set size:undefined disposed:false
167 http fetch GET 200 https://mirrors.cloud.tencent.com/npm/@vueuse%2fshared 491ms (cache miss)
168 silly packumentCache full:http://mirrors.cloud.tencent.com/npm/@vueuse%2fshared set size:undefined disposed:false
169 silly placeDep ROOT @types/web-bluetooth@0.0.21 OK for: @vueuse/core@14.3.0 want: ^0.0.21
170 silly placeDep ROOT @vueuse/metadata@14.3.0 OK for: @vueuse/core@14.3.0 want: 14.3.0
171 silly placeDep ROOT @vueuse/shared@14.3.0 OK for: @vueuse/core@14.3.0 want: 14.3.0
172 silly placeDep ROOT shebang-regex@3.0.0 OK for: shebang-command@2.0.0 want: ^3.0.0
173 silly placeDep ROOT isexe@2.0.0 OK for: which@2.0.2 want: ^2.0.0
174 silly reify moves {}
175 http cache @vueuse/shared@https://mirrors.cloud.tencent.com/npm/@vueuse/shared/-/shared-14.3.0.tgz 0ms (cache hit)
176 http cache shebang-regex@https://mirrors.cloud.tencent.com/npm/shebang-regex/-/shebang-regex-3.0.0.tgz 1ms (cache hit)
177 http cache @vueuse/metadata@https://mirrors.cloud.tencent.com/npm/@vueuse/metadata/-/metadata-14.3.0.tgz 0ms (cache hit)
178 http cache isexe@https://mirrors.cloud.tencent.com/npm/isexe/-/isexe-2.0.0.tgz 0ms (cache hit)
179 http cache vue-component-type-helpers@https://mirrors.cloud.tencent.com/npm/vue-component-type-helpers/-/vue-component-type-helpers-3.3.8.tgz 0ms (cache hit)
180 http cache @types/web-bluetooth@https://mirrors.cloud.tencent.com/npm/@types/web-bluetooth/-/web-bluetooth-0.0.21.tgz 0ms (cache hit)
181 http cache lodash-es@https://mirrors.cloud.tencent.com/npm/lodash-es/-/lodash-es-4.18.1.tgz 0ms (cache hit)
182 http cache normalize-wheel-es@https://mirrors.cloud.tencent.com/npm/normalize-wheel-es/-/normalize-wheel-es-1.2.0.tgz 0ms (cache hit)
183 http cache lodash-unified@https://mirrors.cloud.tencent.com/npm/lodash-unified/-/lodash-unified-1.0.3.tgz 0ms (cache hit)
184 http cache @types/lodash-es@https://mirrors.cloud.tencent.com/npm/@types/lodash-es/-/lodash-es-4.17.12.tgz 0ms (cache hit)
185 http cache memoize-one@https://mirrors.cloud.tencent.com/npm/memoize-one/-/memoize-one-6.0.0.tgz 0ms (cache hit)
186 http cache async-validator@https://mirrors.cloud.tencent.com/npm/async-validator/-/async-validator-4.2.5.tgz 0ms (cache hit)
187 http cache dayjs@https://mirrors.cloud.tencent.com/npm/dayjs/-/dayjs-1.11.21.tgz 0ms (cache hit)
188 http cache @popperjs/core@https://mirrors.cloud.tencent.com/npm/@sxzz/popperjs-es/-/popperjs-es-2.11.8.tgz 0ms (cache hit)
189 http cache @types/lodash@https://mirrors.cloud.tencent.com/npm/@types/lodash/-/lodash-4.17.24.tgz 0ms (cache hit)
190 http cache @vueuse/core@https://mirrors.cloud.tencent.com/npm/@vueuse/core/-/core-14.3.0.tgz 0ms (cache hit)
191 http cache which@https://mirrors.cloud.tencent.com/npm/which/-/which-2.0.2.tgz 0ms (cache hit)
192 http cache @ctrl/tinycolor@https://mirrors.cloud.tencent.com/npm/@ctrl/tinycolor/-/tinycolor-4.2.0.tgz 0ms (cache hit)
193 http cache cross-spawn@https://mirrors.cloud.tencent.com/npm/cross-spawn/-/cross-spawn-7.0.6.tgz 0ms (cache hit)
194 http cache shebang-command@https://mirrors.cloud.tencent.com/npm/shebang-command/-/shebang-command-2.0.0.tgz 0ms (cache hit)
195 http cache path-key@https://mirrors.cloud.tencent.com/npm/path-key/-/path-key-3.1.1.tgz 0ms (cache hit)
196 http cache element-plus@https://mirrors.cloud.tencent.com/npm/element-plus/-/element-plus-2.14.3.tgz 0ms (cache hit)
197 http cache cross-env@https://mirrors.cloud.tencent.com/npm/cross-env/-/cross-env-7.0.3.tgz 0ms (cache hit)
198 http cache @element-plus/icons-vue@https://mirrors.cloud.tencent.com/npm/@element-plus/icons-vue/-/icons-vue-2.3.2.tgz 0ms (cache hit)
199 http cache @tiptap/extension-text-align@https://mirrors.cloud.tencent.com/npm/@tiptap/extension-text-align/-/extension-text-align-3.29.1.tgz 0ms (cache hit)
200 silly tarball no local data for @vueuse/shared@https://mirrors.cloud.tencent.com/npm/@vueuse/shared/-/shared-14.3.0.tgz. Extracting by manifest.
201 http cache @tiptap/extension-color@https://mirrors.cloud.tencent.com/npm/@tiptap/extension-color/-/extension-color-3.29.1.tgz 0ms (cache hit)
202 silly tarball no local data for shebang-regex@https://mirrors.cloud.tencent.com/npm/shebang-regex/-/shebang-regex-3.0.0.tgz. Extracting by manifest.
203 silly tarball no local data for @vueuse/metadata@https://mirrors.cloud.tencent.com/npm/@vueuse/metadata/-/metadata-14.3.0.tgz. Extracting by manifest.
204 silly tarball no local data for isexe@https://mirrors.cloud.tencent.com/npm/isexe/-/isexe-2.0.0.tgz. Extracting by manifest.
205 silly tarball no local data for vue-component-type-helpers@https://mirrors.cloud.tencent.com/npm/vue-component-type-helpers/-/vue-component-type-helpers-3.3.8.tgz. Extracting by manifest.
206 silly tarball no local data for @types/web-bluetooth@https://mirrors.cloud.tencent.com/npm/@types/web-bluetooth/-/web-bluetooth-0.0.21.tgz. Extracting by manifest.
207 silly tarball no local data for lodash-es@https://mirrors.cloud.tencent.com/npm/lodash-es/-/lodash-es-4.18.1.tgz. Extracting by manifest.
208 silly tarball no local data for normalize-wheel-es@https://mirrors.cloud.tencent.com/npm/normalize-wheel-es/-/normalize-wheel-es-1.2.0.tgz. Extracting by manifest.
209 silly tarball no local data for lodash-unified@https://mirrors.cloud.tencent.com/npm/lodash-unified/-/lodash-unified-1.0.3.tgz. Extracting by manifest.
210 silly tarball no local data for @types/lodash-es@https://mirrors.cloud.tencent.com/npm/@types/lodash-es/-/lodash-es-4.17.12.tgz. Extracting by manifest.
211 http cache @tiptap/extension-text-style@https://mirrors.cloud.tencent.com/npm/@tiptap/extension-text-style/-/extension-text-style-3.29.1.tgz 0ms (cache hit)
212 silly tarball no local data for memoize-one@https://mirrors.cloud.tencent.com/npm/memoize-one/-/memoize-one-6.0.0.tgz. Extracting by manifest.
213 silly tarball no local data for async-validator@https://mirrors.cloud.tencent.com/npm/async-validator/-/async-validator-4.2.5.tgz. Extracting by manifest.
214 silly tarball no local data for dayjs@https://mirrors.cloud.tencent.com/npm/dayjs/-/dayjs-1.11.21.tgz. Extracting by manifest.
215 silly tarball no local data for @popperjs/core@https://mirrors.cloud.tencent.com/npm/@sxzz/popperjs-es/-/popperjs-es-2.11.8.tgz. Extracting by manifest.
216 silly tarball no local data for @types/lodash@https://mirrors.cloud.tencent.com/npm/@types/lodash/-/lodash-4.17.24.tgz. Extracting by manifest.
217 silly tarball no local data for @vueuse/core@https://mirrors.cloud.tencent.com/npm/@vueuse/core/-/core-14.3.0.tgz. Extracting by manifest.
218 silly tarball no local data for which@https://mirrors.cloud.tencent.com/npm/which/-/which-2.0.2.tgz. Extracting by manifest.
219 silly tarball no local data for @ctrl/tinycolor@https://mirrors.cloud.tencent.com/npm/@ctrl/tinycolor/-/tinycolor-4.2.0.tgz. Extracting by manifest.
220 silly tarball no local data for cross-spawn@https://mirrors.cloud.tencent.com/npm/cross-spawn/-/cross-spawn-7.0.6.tgz. Extracting by manifest.
221 silly tarball no local data for shebang-command@https://mirrors.cloud.tencent.com/npm/shebang-command/-/shebang-command-2.0.0.tgz. Extracting by manifest.
222 silly tarball no local data for path-key@https://mirrors.cloud.tencent.com/npm/path-key/-/path-key-3.1.1.tgz. Extracting by manifest.
223 silly tarball no local data for element-plus@https://mirrors.cloud.tencent.com/npm/element-plus/-/element-plus-2.14.3.tgz. Extracting by manifest.
224 silly tarball no local data for cross-env@https://mirrors.cloud.tencent.com/npm/cross-env/-/cross-env-7.0.3.tgz. Extracting by manifest.
225 silly tarball no local data for @element-plus/icons-vue@https://mirrors.cloud.tencent.com/npm/@element-plus/icons-vue/-/icons-vue-2.3.2.tgz. Extracting by manifest.
226 silly tarball no local data for @tiptap/extension-text-align@https://mirrors.cloud.tencent.com/npm/@tiptap/extension-text-align/-/extension-text-align-3.29.1.tgz. Extracting by manifest.
227 silly tarball no local data for @tiptap/extension-color@https://mirrors.cloud.tencent.com/npm/@tiptap/extension-color/-/extension-color-3.29.1.tgz. Extracting by manifest.
228 silly tarball no local data for @tiptap/extension-text-style@https://mirrors.cloud.tencent.com/npm/@tiptap/extension-text-style/-/extension-text-style-3.29.1.tgz. Extracting by manifest.
229 http fetch GET 200 https://mirrors.cloud.tencent.com/npm/lodash-unified/-/lodash-unified-1.0.3.tgz 148ms (cache miss)
230 http fetch GET 200 https://mirrors.cloud.tencent.com/npm/isexe/-/isexe-2.0.0.tgz 163ms (cache miss)
231 http fetch GET 200 https://mirrors.cloud.tencent.com/npm/memoize-one/-/memoize-one-6.0.0.tgz 170ms (cache miss)
232 http fetch GET 200 https://mirrors.cloud.tencent.com/npm/shebang-regex/-/shebang-regex-3.0.0.tgz 224ms (cache miss)
233 http fetch GET 200 https://mirrors.cloud.tencent.com/npm/@vueuse/shared/-/shared-14.3.0.tgz 257ms (cache miss)
234 http fetch GET 200 https://mirrors.cloud.tencent.com/npm/vue-component-type-helpers/-/vue-component-type-helpers-3.3.8.tgz 434ms (cache miss)
235 http fetch GET 200 https://mirrors.cloud.tencent.com/npm/@types/web-bluetooth/-/web-bluetooth-0.0.21.tgz 438ms (cache miss)
236 http fetch GET 200 https://mirrors.cloud.tencent.com/npm/@vueuse/metadata/-/metadata-14.3.0.tgz 470ms (cache miss)
237 http fetch GET 200 https://mirrors.cloud.tencent.com/npm/path-key/-/path-key-3.1.1.tgz 459ms (cache miss)
238 http fetch GET 200 https://mirrors.cloud.tencent.com/npm/which/-/which-2.0.2.tgz 467ms (cache miss)
239 http fetch GET 200 https://mirrors.cloud.tencent.com/npm/normalize-wheel-es/-/normalize-wheel-es-1.2.0.tgz 478ms (cache miss)
240 http fetch GET 200 https://mirrors.cloud.tencent.com/npm/shebang-command/-/shebang-command-2.0.0.tgz 495ms (cache miss)
241 http fetch GET 200 https://mirrors.cloud.tencent.com/npm/cross-spawn/-/cross-spawn-7.0.6.tgz 512ms (cache miss)
242 http fetch GET 200 https://mirrors.cloud.tencent.com/npm/cross-env/-/cross-env-7.0.3.tgz 511ms (cache miss)
243 http fetch GET 200 https://mirrors.cloud.tencent.com/npm/@vueuse/core/-/core-14.3.0.tgz 526ms (cache miss)
244 http fetch GET 200 https://mirrors.cloud.tencent.com/npm/async-validator/-/async-validator-4.2.5.tgz 554ms (cache miss)
245 http fetch GET 200 https://mirrors.cloud.tencent.com/npm/@ctrl/tinycolor/-/tinycolor-4.2.0.tgz 592ms (cache miss)
246 http fetch GET 200 https://mirrors.cloud.tencent.com/npm/@tiptap/extension-text-align/-/extension-text-align-3.29.1.tgz 666ms (cache miss)
247 http fetch GET 200 https://mirrors.cloud.tencent.com/npm/@sxzz/popperjs-es/-/popperjs-es-2.11.8.tgz 721ms (cache miss)
248 http fetch GET 200 https://mirrors.cloud.tencent.com/npm/@tiptap/extension-color/-/extension-color-3.29.1.tgz 746ms (cache miss)
249 http fetch GET 200 https://mirrors.cloud.tencent.com/npm/@tiptap/extension-text-style/-/extension-text-style-3.29.1.tgz 913ms (cache miss)
250 http fetch GET 200 https://mirrors.cloud.tencent.com/npm/@types/lodash-es/-/lodash-es-4.17.12.tgz 1069ms (cache miss)
251 http fetch GET 200 https://mirrors.cloud.tencent.com/npm/lodash-es/-/lodash-es-4.18.1.tgz 1556ms (cache miss)
252 http fetch GET 200 https://mirrors.cloud.tencent.com/npm/dayjs/-/dayjs-1.11.21.tgz 1609ms (cache miss)
253 http fetch GET 200 https://mirrors.cloud.tencent.com/npm/@element-plus/icons-vue/-/icons-vue-2.3.2.tgz 1603ms (cache miss)
254 http fetch GET 200 https://mirrors.cloud.tencent.com/npm/@types/lodash/-/lodash-4.17.24.tgz 1655ms (cache miss)
255 http fetch GET 200 https://mirrors.cloud.tencent.com/npm/element-plus/-/element-plus-2.14.3.tgz 16055ms (cache miss)
256 silly ADD node_modules/isexe
257 silly ADD node_modules/shebang-regex
258 silly ADD node_modules/@vueuse/shared
259 silly ADD node_modules/@vueuse/metadata
260 silly ADD node_modules/@types/web-bluetooth
261 silly ADD node_modules/vue-component-type-helpers
262 silly ADD node_modules/normalize-wheel-es
263 silly ADD node_modules/memoize-one
264 silly ADD node_modules/lodash-unified
265 silly ADD node_modules/lodash-es
266 silly ADD node_modules/dayjs
267 silly ADD node_modules/async-validator
268 silly ADD node_modules/@vueuse/core
269 silly ADD node_modules/@types/lodash-es
270 silly ADD node_modules/@types/lodash
271 silly ADD node_modules/@popperjs/core
272 silly ADD node_modules/@ctrl/tinycolor
273 silly ADD node_modules/which
274 silly ADD node_modules/shebang-command
275 silly ADD node_modules/path-key
276 silly ADD node_modules/cross-spawn
277 silly ADD node_modules/element-plus
278 silly ADD node_modules/cross-env
279 silly ADD node_modules/@tiptap/extension-text-align
280 silly ADD node_modules/@tiptap/extension-text-style
281 silly ADD node_modules/@tiptap/extension-color
282 silly ADD node_modules/@element-plus/icons-vue
283 verbose cwd D:\Vue\ExerciseProject\localNote
284 verbose os Windows_NT 10.0.26200
285 verbose node v24.12.0
286 verbose npm  v11.6.2
287 verbose exit 0
288 info ok
